INFO: Running with entropic power schedule (0xFF, 100).
INFO:     2385 files found in /dev/shm/apollo-artifactd-fuzz-20261005/protocol_oci/corpus
INFO: seed corpus: files: 2385 min: 1b max: 439b total: 127718b rss: 62Mb
	NEW_FUNC[1/1]: 0xbac9648b889c in <oci_spec::image::Os as serde_core::de::Deserialize>::deserialize::<serde::private::de::missing_field::MissingFieldDeserializer<serde_json::error::Error>> /home/apollo-admin/.cargo/registry/src/index.crates.io-1949cf8c6b5b557f/oci-spec-0.9.0/src/image/mod.rs:274
	NEW_FUNC[1/1]: 0xbac9648cf654 in core::ptr::drop_glue::<serde_core::private::content::Content> /home/apollo-admin/.rustup/toolchains/nightly-aarch64-unknown-linux-gnu/lib/rustlib/src/rust/library/core/src/ptr/mod.rs:848
	NEW_FUNC[1/4]: 0xbac9647c15d4 in core::ptr::drop_glue::<artifactd_protocol::OperationId> /home/apollo-admin/.rustup/toolchains/nightly-aarch64-unknown-linux-gnu/lib/rustlib/src/rust/library/core/src/ptr/mod.rs:848
	NEW_FUNC[2/4]: 0xbac964876698 in <artifactd_protocol::Action as serde_core::de::Deserialize>::deserialize::<serde::private::de::missing_field::MissingFieldDeserializer<serde_json::error::Error>> /tmp/apollo-artifactd-redb-lru-20261005.a3iVB3/crates/artifactd-protocol/src/lib.rs:119
	NEW_FUNC[1/4]: 0xbac9647d3bc0 in <&mut serde_json::de::Deserializer<serde_json::read::SliceRead> as serde_core::de::Deserializer>::deserialize_seq::<<alloc::vec::Vec<_> as serde_core::de::Deserialize>::deserialize::VecVisitor<oci_spec::image::config::History>> /home/apollo-admin/.cargo/registry/src/index.crates.io-1949cf8c6b5b557f/serde_json-1.0.151/src/de.rs:1737
	NEW_FUNC[2/4]: 0xbac9648b9b5c in <alloc::vec::Vec<oci_spec::image::config::History> as serde_core::de::Deserialize>::deserialize::<&mut serde_json::de::Deserializer<serde_json::read::SliceRead>> /home/apollo-admin/.cargo/registry/src/index.crates.io-1949cf8c6b5b557f/serde_core-1.0.229/src/de/impls.rs:1139
	NEW_FUNC[1/8]: 0xbac9648054d0 in <&mut serde_json::de::Deserializer<serde_json::read::SliceRead> as serde_core::de::Deserializer>::deserialize_struct::<<oci_spec::image::config::History as serde_core::de::Deserialize>::deserialize::__Visitor> /home/apollo-admin/.cargo/registry/src/index.crates.io-1949cf8c6b5b557f/serde_json-1.0.151/src/de.rs:1820
	NEW_FUNC[2/8]: 0xbac964811ab4 in <serde_json::de::SeqAccess<serde_json::read::SliceRead> as serde_core::de::SeqAccess>::next_element_seed::<core::marker::PhantomData<oci_spec::image::config::History>> /home/apollo-admin/.cargo/registry/src/index.crates.io-1949cf8c6b5b557f/serde_json-1.0.151/src/de.rs:1933
	NEW_FUNC[1/1]: 0xbac96481a480 in <serde_json::de::SeqAccess<serde_json::read::SliceRead> as serde_core::de::SeqAccess>::next_element::<core::option::Option<alloc::string::String>> /home/apollo-admin/.cargo/registry/src/index.crates.io-1949cf8c6b5b557f/serde_core-1.0.229/src/de/mod.rs:1769
	NEW_FUNC[1/1]: 0xbac96482c0f8 in <serde::private::de::content::ContentVisitor as serde_core::de::Visitor>::visit_str::<serde_json::error::Error> /home/apollo-admin/.cargo/registry/src/index.crates.io-1949cf8c6b5b557f/serde-1.0.229/src/private/de.rs:404
	NEW_FUNC[1/1]: 0xbac9647c4904 in core::ptr::drop_glue::<oci_spec::image::index::ImageIndex> /home/apollo-admin/.rustup/toolchains/nightly-aarch64-unknown-linux-gnu/lib/rustlib/src/rust/library/core/src/ptr/mod.rs:848
	NEW_FUNC[1/7]: 0xbac9646bd8ec in <hashbrown::raw::RawTable<(alloc::string::String, alloc::string::String)>>::reserve_rehash::<hashbrown::map::make_hasher<alloc::string::String, alloc::string::String, std::hash::random::RandomState>::{closure#0}> /cargo/registry/25cdd57fae9f0462/hashbrown-0.17.1/src/raw.rs:948
	NEW_FUNC[2/7]: 0xbac9648a5858 in <hashbrown::raw::RawTable<(alloc::string::String, alloc::string::String)>>::reserve::<hashbrown::map::make_hasher<alloc::string::String, alloc::string::String, std::hash::random::RandomState>::{closure#0}> /cargo/registry/25cdd57fae9f0462/hashbrown-0.17.1/src/raw.rs:909
	NEW_FUNC[1/1]: 0xbac9648c839c in <alloc::string::String as hashbrown::Equivalent<alloc::string::String>>::equivalent /cargo/registry/25cdd57fae9f0462/hashbrown-0.17.1/src/lib.rs:156
	NEW_FUNC[1/1]: 0xbac9646c3fec in <<u64 as serde_core::de::Deserialize>::deserialize::PrimitiveVisitor as serde_core::de::Visitor>::visit_f64::<serde_json::error::Error> /home/apollo-admin/.cargo/registry/src/index.crates.io-1949cf8c6b5b557f/serde_core-1.0.229/src/de/mod.rs:1494
	NEW_FUNC[1/1]: 0xbac964874fa0 in <artifactd_protocol::PinId as serde_core::de::Deserialize>::deserialize::<serde::private::de::missing_field::MissingFieldDeserializer<serde_json::error::Error>> /tmp/apollo-artifactd-redb-lru-20261005.a3iVB3/crates/artifactd-protocol/src/lib.rs:37
	NEW_FUNC[1/1]: 0xbac964874248 in <artifactd_protocol::OperationId as serde_core::de::Deserialize>::deserialize::<serde::private::de::missing_field::MissingFieldDeserializer<serde_json::error::Error>> /tmp/apollo-artifactd-redb-lru-20261005.a3iVB3/crates/artifactd-protocol/src/lib.rs:37
	NEW_FUNC[1/1]: 0xbac9647c6820 in core::ptr::drop_glue::<oci_spec::image::manifest::ImageManifest> /home/apollo-admin/.rustup/toolchains/nightly-aarch64-unknown-linux-gnu/lib/rustlib/src/rust/library/core/src/ptr/mod.rs:848
	NEW_FUNC[1/2]: 0xbac9648b74f4 in core::ptr::drop_glue::<oci_spec::image::config::History> /home/apollo-admin/.rustup/toolchains/nightly-aarch64-unknown-linux-gnu/lib/rustlib/src/rust/library/core/src/ptr/mod.rs:848
	NEW_FUNC[2/2]: 0xbac9646c30f0 in <alloc::raw_vec::RawVec<oci_spec::image::config::History>>::grow_one /home/apollo-admin/.rustup/toolchains/nightly-aarch64-unknown-linux-gnu/lib/rustlib/src/rust/library/alloc/src/raw_vec/mod.rs:196
	NEW_FUNC[1/1]: 0xbac9648b3c3c in <<<oci_spec::image::config::Config as serde_core::de::Deserialize>::deserialize::__Visitor as serde_core::de::Visitor>::visit_map::__DeserializeWith as serde_core::de::Deserialize>::deserialize::<&mut serde_json::de::Deserializer<serde_json::read::SliceRead>> /home/apollo-admin/.cargo/registry/src/index.crates.io-1949cf8c6b5b557f/oci-spec-0.9.0/src/image/config.rs:276
	NEW_FUNC[1/5]: 0xbac9647e488c in <&mut serde_json::de::Deserializer<serde_json::read::SliceRead> as serde_core::de::Deserializer>::deserialize_struct::<<oci_spec::image::descriptor::Platform as serde_core::de::Deserialize>::deserialize::__Visitor> /home/apollo-admin/.cargo/registry/src/index.crates.io-1949cf8c6b5b557f/serde_json-1.0.151/src/de.rs:1820
	NEW_FUNC[2/5]: 0xbac9648c224c in <core::option::Option<oci_spec::image::descriptor::Platform> as serde_core::de::Deserialize>::deserialize::<&mut serde_json::de::Deserializer<serde_json::read::SliceRead>> /home/apollo-admin/.cargo/registry/src/index.crates.io-1949cf8c6b5b557f/serde_core-1.0.229/src/de/impls.rs:920
	NEW_FUNC[1/1]: 0xbac964815f60 in <serde_json::de::VariantAccess<serde_json::read::SliceRead> as serde_core::de::VariantAccess>::newtype_variant_seed::<core::marker::PhantomData<alloc::string::String>> /home/apollo-admin/.cargo/registry/src/index.crates.io-1949cf8c6b5b557f/serde_json-1.0.151/src/de.rs:2078
	NEW_FUNC[1/1]: 0xbac96481ace0 in <serde_json::de::SeqAccess<serde_json::read::SliceRead> as serde_core::de::SeqAccess>::next_element::<core::option::Option<oci_spec::image::config::Config>> /home/apollo-admin/.cargo/registry/src/index.crates.io-1949cf8c6b5b557f/serde_core-1.0.229/src/de/mod.rs:1769
	NEW_FUNC[1/3]: 0xbac9646be9f8 in <hashbrown::raw::RawTable<(alloc::string::String, oci_spec::image::config::GoMapSerde)>>::reserve_rehash::<hashbrown::map::make_hasher<alloc::string::String, oci_spec::image::config::GoMapSerde, std::hash::random::RandomState>::{closure#0}> /cargo/registry/25cdd57fae9f0462/hashbrown-0.17.1/src/raw.rs:948
	NEW_FUNC[2/3]: 0xbac9648a595c in <hashbrown::raw::RawTable<(alloc::string::String, oci_spec::image::config::GoMapSerde)>>::reserve::<hashbrown::map::make_hasher<alloc::string::String, oci_spec::image::config::GoMapSerde, std::hash::random::RandomState>::{closure#0}> /cargo/registry/25cdd57fae9f0462/hashbrown-0.17.1/src/raw.rs:909
	NEW_FUNC[1/2]: 0xbac96467dce8 in <serde::private::de::content::ContentDeserializer<serde_json::error::Error>>::invalid_type /home/apollo-admin/.cargo/registry/src/index.crates.io-1949cf8c6b5b557f/serde-1.0.229/src/private/de.rs:1051
	NEW_FUNC[2/2]: 0xbac96467dfbc in serde::private::de::content::content_unexpected /home/apollo-admin/.cargo/registry/src/index.crates.io-1949cf8c6b5b557f/serde-1.0.229/src/private/de.rs:264
	NEW_FUNC[1/1]: 0xbac964679b1c in <serde_json::de::UnitVariantAccess<serde_json::read::SliceRead> as serde_core::de::VariantAccess>::newtype_variant_seed::<core::marker::PhantomData<alloc::string::String>> /home/apollo-admin/.cargo/registry/src/index.crates.io-1949cf8c6b5b557f/serde_json-1.0.151/src/de.rs:2130
	NEW_FUNC[1/1]: 0xbac9648b223c in core::ptr::drop_glue::<core::result::Result<serde_json::value::Value, alloc::string::String>> /home/apollo-admin/.rustup/toolchains/nightly-aarch64-unknown-linux-gnu/lib/rustlib/src/rust/library/core/src/ptr/mod.rs:848
	NEW_FUNC[1/2]: 0xbac96483f3f0 in <serde::private::de::content::ContentDeserializer<serde_json::error::Error> as serde_core::de::Deserializer>::deserialize_any::<<artifactd_protocol::Action as serde_core::de::Deserialize>::deserialize::__Visitor> /home/apollo-admin/.cargo/registry/src/index.crates.io-1949cf8c6b5b557f/serde-1.0.229/src/private/de.rs:1126
	NEW_FUNC[2/2]: 0xbac96488f6c8 in <<artifactd_protocol::Action as serde_core::de::Deserialize>::deserialize::__FieldVisitor as serde_core::de::Visitor>::visit_str::<serde_json::error::Error> /tmp/apollo-artifactd-redb-lru-20261005.a3iVB3/crates/artifactd-protocol/src/lib.rs:119
	NEW_FUNC[1/5]: 0xbac9647d4ae4 in <&mut serde_json::de::Deserializer<serde_json::read::SliceRead> as serde_core::de::Deserializer>::deserialize_bool::<serde_core::de::impls::BoolVisitor> /home/apollo-admin/.cargo/registry/src/index.crates.io-1949cf8c6b5b557f/serde_json-1.0.151/src/de.rs:1469
	NEW_FUNC[2/5]: 0xbac9648c2dd4 in <core::option::Option<bool> as serde_core::de::Deserialize>::deserialize::<&mut serde_json::de::Deserializer<serde_json::read::SliceRead>> /home/apollo-admin/.cargo/registry/src/index.crates.io-1949cf8c6b5b557f/serde_core-1.0.229/src/de/impls.rs:920
	NEW_FUNC[1/1]: 0xbac9648c49d0 in <artifactd_protocol::digest::ArtifactDigest as serde_core::de::Deserialize>::deserialize::<serde::private::de::missing_field::MissingFieldDeserializer<serde_json::error::Error>> /tmp/apollo-artifactd-redb-lru-20261005.a3iVB3/crates/artifactd-protocol/src/digest.rs:9
	NEW_FUNC[1/1]: 0xbac9648b4e18 in <<<oci_spec::image::config::Config as serde_core::de::Deserialize>::deserialize::__Visitor as serde_core::de::Visitor>::visit_map::__DeserializeWith as serde_core::de::Deserialize>::deserialize::<&mut serde_json::de::Deserializer<serde_json::read::SliceRead>> /home/apollo-admin/.cargo/registry/src/index.crates.io-1949cf8c6b5b557f/oci-spec-0.9.0/src/image/config.rs:276
	NEW_FUNC[1/1]: 0xbac9647c2754 in core::ptr::drop_glue::<artifactd_protocol::Response> /home/apollo-admin/.rustup/toolchains/nightly-aarch64-unknown-linux-gnu/lib/rustlib/src/rust/library/core/src/ptr/mod.rs:848
	NEW_FUNC[1/1]: 0xbac96467baf0 in <serde::private::de::content::TaggedContentVisitor<<artifactd_protocol::Action as serde_core::de::Deserialize>::deserialize::__Field> as serde_core::de::Visitor>::visit_bool::<serde_json::error::Error> /home/apollo-admin/.cargo/registry/src/index.crates.io-1949cf8c6b5b557f/serde_core-1.0.229/src/de/mod.rs:1348
	NEW_FUNC[1/5]: 0xbac9648a86a4 in <hashbrown::raw::RawIterRange<(alloc::string::String, oci_spec::image::config::GoMapSerde)>>::new /cargo/registry/25cdd57fae9f0462/hashbrown-0.17.1/src/raw.rs:3576
	NEW_FUNC[2/5]: 0xbac9648b9cd8 in <alloc::vec::Vec<alloc::string::String> as alloc::vec::spec_from_iter_nested::SpecFromIterNested<alloc::string::String, core::iter::adapters::cloned::Cloned<std::collections::hash::map::Keys<alloc::string::String, oci_spec::image::config::GoMapSerde>>>>::from_iter /home/apollo-admin/.rustup/toolchains/nightly-aarch64-unknown-linux-gnu/lib/rustlib/src/rust/library/alloc/src/vec/spec_from_iter_nested.rs:18
	NEW_FUNC[1/2]: 0xbac9647c89dc in <core::marker::PhantomData<serde_json::value::Value> as serde_core::de::DeserializeSeed>::deserialize::<&mut serde_json::de::Deserializer<serde_json::read::SliceRead>> /home/apollo-admin/.cargo/registry/src/index.crates.io-1949cf8c6b5b557f/serde_core-1.0.229/src/de/mod.rs:821
	NEW_FUNC[2/2]: 0xbac964815f14 in <serde_json::de::VariantAccess<serde_json::read::SliceRead> as serde_core::de::VariantAccess>::newtype_variant_seed::<core::marker::PhantomData<serde_json::value::Value>> /home/apollo-admin/.cargo/registry/src/index.crates.io-1949cf8c6b5b557f/serde_json-1.0.151/src/de.rs:2078
	NEW_FUNC[1/21]: 0xbac96481286c in <serde_json::de::MapAccess<serde_json::read::SliceRead> as serde_core::de::MapAccess>::next_key_seed::<core::marker::PhantomData<alloc::string::String>> /home/apollo-admin/.cargo/registry/src/index.crates.io-1949cf8c6b5b557f/serde_json-1.0.151/src/de.rs:1986
	NEW_FUNC[2/21]: 0xbac964812c98 in <serde_json::de::MapAccess<serde_json::read::SliceRead> as serde_core::de::MapAccess>::next_key_seed::<serde_json::value::de::KeyClassifier> /home/apollo-admin/.cargo/registry/src/index.crates.io-1949cf8c6b5b557f/serde_json-1.0.151/src/de.rs:1986
	NEW_FUNC[1/5]: 0xbac9647c2e80 in core::ptr::drop_glue::<serde_json::value::Value> /home/apollo-admin/.rustup/toolchains/nightly-aarch64-unknown-linux-gnu/lib/rustlib/src/rust/library/core/src/ptr/mod.rs:848
	NEW_FUNC[2/5]: 0xbac9648b61e0 in core::ptr::drop_glue::<serde_json::value::Value> /home/apollo-admin/.rustup/toolchains/nightly-aarch64-unknown-linux-gnu/lib/rustlib/src/rust/library/core/src/ptr/mod.rs:848
	NEW_FUNC[1/2]: 0xbac96489f1a4 in <alloc::collections::btree::node::Handle<alloc::collections::btree::node::NodeRef<alloc::collections::btree::node::marker::Mut, alloc::string::String, serde_json::value::Value, alloc::collections::btree::node::marker::Leaf>, alloc::collections::btree::node::marker::Edge>>::insert_recursing::<alloc::alloc::Global, <alloc::collections::btree::map::entry::VacantEntry<alloc::string::String, serde_json::value::Value>>::insert_entry::{closure#0}> /home/apollo-admin/.rustup/toolchains/nightly-aarch64-unknown-linux-gnu/lib/rustlib/src/rust/library/alloc/src/collections/btree/node.rs:1093
	NEW_FUNC[2/2]: 0xbac9648a2f50 in <alloc::collections::btree::node::NodeRef<alloc::collections::btree::node::marker::Mut, alloc::string::String, serde_json::value::Value, alloc::collections::btree::node::marker::LeafOrInternal>>::search_tree::<alloc::string::String> /home/apollo-admin/.rustup/toolchains/nightly-aarch64-unknown-linux-gnu/lib/rustlib/src/rust/library/alloc/src/collections/btree/search.rs:49
	NEW_FUNC[1/2]: 0xbac9648a52e8 in <alloc::collections::btree::node::Handle<alloc::collections::btree::node::NodeRef<alloc::collections::btree::node::marker::Mut, alloc::string::String, serde_json::value::Value, alloc::collections::btree::node::marker::LeafOrInternal>, alloc::collections::btree::node::marker::KV>>::kv_mut /home/apollo-admin/.rustup/toolchains/nightly-aarch64-unknown-linux-gnu/lib/rustlib/src/rust/library/alloc/src/collections/btree/node.rs:1200
	NEW_FUNC[2/2]: 0xbac9648c61b8 in <alloc::collections::btree::map::entry::OccupiedEntry<alloc::string::String, serde_json::value::Value>>::insert /home/apollo-admin/.rustup/toolchains/nightly-aarch64-unknown-linux-gnu/lib/rustlib/src/rust/library/alloc/src/collections/btree/map/entry.rs:627
	NEW_FUNC[1/2]: 0xbac96489e2cc in <alloc::collections::btree::node::NodeRef<alloc::collections::btree::node::marker::Owned, alloc::string::String, serde_json::value::Value, alloc::collections::btree::node::marker::Internal>>::from_new_internal::<alloc::alloc::Global> /home/apollo-admin/.rustup/toolchains/nightly-aarch64-unknown-linux-gnu/lib/rustlib/src/rust/library/alloc/src/collections/btree/node.rs:244
	NEW_FUNC[2/2]: 0xbac9648bd4e0 in <alloc::boxed::Box<alloc::collections::btree::node::InternalNode<alloc::string::String, serde_json::value::Value>>>::new_uninit_in /home/apollo-admin/.rustup/toolchains/nightly-aarch64-unknown-linux-gnu/lib/rustlib/src/rust/library/alloc/src/boxed.rs:499
	NEW_FUNC[1/1]: 0xbac964679840 in <serde_json::de::UnitVariantAccess<serde_json::read::SliceRead> as serde_core::de::VariantAccess>::newtype_variant_seed::<core::marker::PhantomData<serde_json::value::Value>> /home/apollo-admin/.cargo/registry/src/index.crates.io-1949cf8c6b5b557f/serde_json-1.0.151/src/de.rs:2130
	NEW_FUNC[1/1]: 0xbac96467bdd0 in <serde::private::de::content::TaggedContentVisitor<<artifactd_protocol::Action as serde_core::de::Deserialize>::deserialize::__Field> as serde_core::de::Visitor>::visit_unit::<serde_json::error::Error> /home/apollo-admin/.cargo/registry/src/index.crates.io-1949cf8c6b5b557f/serde_core-1.0.229/src/de/mod.rs:1658
	NEW_FUNC[1/1]: 0xbac9648ab324 in core::ptr::drop_glue::<core::result::Result<serde_json::value::Value, alloc::string::String>> /home/apollo-admin/.rustup/toolchains/nightly-aarch64-unknown-linux-gnu/lib/rustlib/src/rust/library/core/src/ptr/mod.rs:848
==523669== libFuzzer: run interrupted; exiting
stat::number_of_executed_units: 20109482
stat::average_exec_per_sec:     37799
stat::new_units_added:          32637
stat::slowest_unit_time_sec:    0
stat::peak_rss_mb:              544
