{"blob_iteration":0,"resources":{"cpu_ticks":0,"fds":13,"pid":441935,"state_bytes":94208,"status":["VmHWM:\t    5732 kB","VmRSS:\t    5732 kB","Threads:\t1"]}}
{"blob_iteration":10000,"resources":{"cpu_ticks":4973,"fds":13,"pid":441935,"state_bytes":3538944,"status":["VmHWM:\t   15236 kB","VmRSS:\t   15236 kB","Threads:\t1"]}}
{"blob_iteration":20000,"resources":{"cpu_ticks":10042,"fds":13,"pid":441935,"state_bytes":3538944,"status":["VmHWM:\t   24628 kB","VmRSS:\t   24628 kB","Threads:\t1"]}}
{"blob_iteration":30000,"resources":{"cpu_ticks":15176,"fds":13,"pid":441935,"state_bytes":3538944,"status":["VmHWM:\t   31884 kB","VmRSS:\t   31884 kB","Threads:\t1"]}}
{"blob_iteration":40000,"resources":{"cpu_ticks":20397,"fds":13,"pid":441935,"state_bytes":3538944,"status":["VmHWM:\t   41380 kB","VmRSS:\t   41380 kB","Threads:\t1"]}}
{"blob_iteration":50000,"resources":{"cpu_ticks":25559,"fds":13,"pid":441935,"state_bytes":3538944,"status":["VmHWM:\t   46984 kB","VmRSS:\t   46984 kB","Threads:\t1"]}}
{"blob_iteration":60000,"resources":{"cpu_ticks":30715,"fds":13,"pid":441935,"state_bytes":3538944,"status":["VmHWM:\t   57856 kB","VmRSS:\t   57856 kB","Threads:\t1"]}}
{"blob_iteration":70000,"resources":{"cpu_ticks":36099,"fds":13,"pid":441935,"state_bytes":3538944,"status":["VmHWM:\t   70516 kB","VmRSS:\t   70516 kB","Threads:\t1"]}}
{"blob_iteration":80000,"resources":{"cpu_ticks":41830,"fds":13,"pid":441935,"state_bytes":3538944,"status":["VmHWM:\t   76328 kB","VmRSS:\t   76328 kB","Threads:\t1"]}}
{"blob_iteration":90000,"resources":{"cpu_ticks":47551,"fds":13,"pid":441935,"state_bytes":3538944,"status":["VmHWM:\t   81216 kB","VmRSS:\t   81216 kB","Threads:\t1"]}}
{"oci_iteration":0,"resources":{"cpu_ticks":0,"fds":13,"pid":450629,"state_bytes":3538944,"status":["VmHWM:\t    8320 kB","VmRSS:\t    8320 kB","Threads:\t1"]}}
{"oci_iteration":2000,"resources":{"cpu_ticks":1933,"fds":13,"pid":450629,"state_bytes":3538944,"status":["VmHWM:\t    9896 kB","VmRSS:\t    9896 kB","Threads:\t1"]}}
{"oci_iteration":4000,"resources":{"cpu_ticks":3756,"fds":13,"pid":450629,"state_bytes":3538944,"status":["VmHWM:\t   12068 kB","VmRSS:\t   12068 kB","Threads:\t1"]}}
{"oci_iteration":6000,"resources":{"cpu_ticks":5551,"fds":13,"pid":450629,"state_bytes":3538944,"status":["VmHWM:\t   14464 kB","VmRSS:\t   14464 kB","Threads:\t1"]}}
{"oci_iteration":8000,"resources":{"cpu_ticks":7339,"fds":13,"pid":450629,"state_bytes":3538944,"status":["VmHWM:\t   16700 kB","VmRSS:\t   16700 kB","Threads:\t1"]}}
{"oci_iteration":10000,"resources":{"cpu_ticks":9110,"fds":13,"pid":450629,"state_bytes":3538944,"status":["VmHWM:\t   19480 kB","VmRSS:\t   19480 kB","Threads:\t1"]}}
{"oci_iteration":12000,"resources":{"cpu_ticks":10890,"fds":13,"pid":450629,"state_bytes":3538944,"status":["VmHWM:\t   20560 kB","VmRSS:\t   20560 kB","Threads:\t1"]}}
{"oci_iteration":14000,"resources":{"cpu_ticks":12680,"fds":13,"pid":450629,"state_bytes":3538944,"status":["VmHWM:\t   23188 kB","VmRSS:\t   23188 kB","Threads:\t1"]}}
{"oci_iteration":16000,"resources":{"cpu_ticks":14469,"fds":13,"pid":450629,"state_bytes":3538944,"status":["VmHWM:\t   26528 kB","VmRSS:\t   26528 kB","Threads:\t1"]}}
{"oci_iteration":18000,"resources":{"cpu_ticks":16338,"fds":13,"pid":450629,"state_bytes":3538944,"status":["VmHWM:\t   29668 kB","VmRSS:\t   29668 kB","Threads:\t1"]}}
{"baseline":{"cpu_ticks":0,"fds":13,"pid":441935,"state_bytes":1056768,"status":["VmHWM:\t    5336 kB","VmRSS:\t    5336 kB","Threads:\t1"]},"blob_latency":{"p50_us":20102,"p95_us":41857,"p99_us":446148},"blob_operations":100000,"bytes":{"blob":1388890,"oci_archives":153600000},"cpu_ticks_after_restart":0,"cpu_ticks_cycles_after_restart":18277,"cpu_ticks_segments":[53255,0],"cpu_ticks_workload_before_first_restart":53255,"elapsed_us":4447365991,"final_resources":{"cpu_ticks":0,"fds":13,"pid":455676,"state_bytes":3538944,"status":["VmHWM:\t    7668 kB","VmRSS:\t    7668 kB","Threads:\t1"]},"oci_latency":{"p50_us":37793,"p95_us":83661,"p99_us":767853},"oci_lifecycles":20000,"operation_latency":{"gc":{"p50_us":4423,"p95_us":15331,"p99_us":112368},"import_archive":{"p50_us":12824,"p95_us":22080,"p99_us":215994},"import_blob":{"p50_us":4069,"p95_us":11185,"p99_us":71751},"prepare":{"p50_us":4845,"p95_us":9442,"p99_us":103485}},"post_restart_resources":{"cpu_ticks":0,"fds":13,"pid":455676,"state_bytes":3538944,"status":["VmHWM:\t    7612 kB","VmRSS:\t    7612 kB","Threads:\t1"]},"pre_first_restart_resources":{"cpu_ticks":53255,"fds":13,"pid":441935,"state_bytes":3538944,"status":["VmHWM:\t   85884 kB","VmRSS:\t   85884 kB","Threads:\t1"]},"status":{"blobs":0,"bytes":0,"production_qualified":false,"schema":3},"throughput_bytes_per_sec":34849.59194130781}
{"final_inventory":{"blobs_entries":0,"prepared_entries":0,"store_entries":5,"tables":{"blobs":0,"edges":0,"gc":0,"gc_marks":0,"imports":0,"leases":0,"operations":4066,"pins":0,"prepared":0,"registry":0,"roots":0},"temp_entries":0}}
