{"blob_iteration":0,"resources":{"cpu_ticks":0,"fds":13,"pid":2673457,"state_bytes":94208,"status":["VmHWM:\t    6660 kB","VmRSS:\t    6660 kB","Threads:\t1"]}}
{"blob_iteration":10000,"resources":{"cpu_ticks":9121,"fds":14,"pid":2673457,"state_bytes":3538944,"status":["VmHWM:\t   16420 kB","VmRSS:\t   16420 kB","Threads:\t1"]}}
{"blob_iteration":20000,"resources":{"cpu_ticks":18255,"fds":13,"pid":2673457,"state_bytes":3538944,"status":["VmHWM:\t   24948 kB","VmRSS:\t   24948 kB","Threads:\t1"]}}
{"blob_iteration":30000,"resources":{"cpu_ticks":27482,"fds":13,"pid":2673457,"state_bytes":3538944,"status":["VmHWM:\t   33968 kB","VmRSS:\t   33968 kB","Threads:\t1"]}}
{"blob_iteration":40000,"resources":{"cpu_ticks":36664,"fds":13,"pid":2673457,"state_bytes":3538944,"status":["VmHWM:\t   42784 kB","VmRSS:\t   42784 kB","Threads:\t1"]}}
{"blob_iteration":50000,"resources":{"cpu_ticks":45774,"fds":13,"pid":2673457,"state_bytes":3538944,"status":["VmHWM:\t   48936 kB","VmRSS:\t   48936 kB","Threads:\t1"]}}
{"blob_iteration":60000,"resources":{"cpu_ticks":54976,"fds":13,"pid":2673457,"state_bytes":3538944,"status":["VmHWM:\t   61200 kB","VmRSS:\t   61200 kB","Threads:\t1"]}}
{"blob_iteration":70000,"resources":{"cpu_ticks":64136,"fds":13,"pid":2673457,"state_bytes":3538944,"status":["VmHWM:\t   70204 kB","VmRSS:\t   70204 kB","Threads:\t1"]}}
{"blob_iteration":80000,"resources":{"cpu_ticks":73353,"fds":13,"pid":2673457,"state_bytes":3538944,"status":["VmHWM:\t   76376 kB","VmRSS:\t   76376 kB","Threads:\t1"]}}
{"blob_iteration":90000,"resources":{"cpu_ticks":82576,"fds":13,"pid":2673457,"state_bytes":3538944,"status":["VmHWM:\t   80676 kB","VmRSS:\t   80676 kB","Threads:\t1"]}}
{"oci_iteration":0,"resources":{"cpu_ticks":3,"fds":13,"pid":2682596,"state_bytes":3538944,"status":["VmHWM:\t    9128 kB","VmRSS:\t    9128 kB","Threads:\t1"]}}
{"oci_iteration":2000,"resources":{"cpu_ticks":3586,"fds":13,"pid":2682596,"state_bytes":3538944,"status":["VmHWM:\t   10664 kB","VmRSS:\t   10664 kB","Threads:\t1"]}}
{"oci_iteration":4000,"resources":{"cpu_ticks":7114,"fds":13,"pid":2682596,"state_bytes":3538944,"status":["VmHWM:\t   13152 kB","VmRSS:\t   13152 kB","Threads:\t1"]}}
{"oci_iteration":6000,"resources":{"cpu_ticks":10592,"fds":14,"pid":2682596,"state_bytes":3538944,"status":["VmHWM:\t   15348 kB","VmRSS:\t   15348 kB","Threads:\t1"]}}
{"oci_iteration":8000,"resources":{"cpu_ticks":13997,"fds":14,"pid":2682596,"state_bytes":3538944,"status":["VmHWM:\t   17556 kB","VmRSS:\t   17556 kB","Threads:\t1"]}}
{"oci_iteration":10000,"resources":{"cpu_ticks":17455,"fds":13,"pid":2682596,"state_bytes":3538944,"status":["VmHWM:\t   20252 kB","VmRSS:\t   20252 kB","Threads:\t1"]}}
{"oci_iteration":12000,"resources":{"cpu_ticks":20916,"fds":14,"pid":2682596,"state_bytes":3538944,"status":["VmHWM:\t   21280 kB","VmRSS:\t   21280 kB","Threads:\t1"]}}
{"oci_iteration":14000,"resources":{"cpu_ticks":24365,"fds":13,"pid":2682596,"state_bytes":3538944,"status":["VmHWM:\t   23380 kB","VmRSS:\t   23380 kB","Threads:\t1"]}}
{"oci_iteration":16000,"resources":{"cpu_ticks":27853,"fds":13,"pid":2682596,"state_bytes":3538944,"status":["VmHWM:\t   27148 kB","VmRSS:\t   27148 kB","Threads:\t1"]}}
{"oci_iteration":18000,"resources":{"cpu_ticks":31346,"fds":13,"pid":2682596,"state_bytes":3538944,"status":["VmHWM:\t   30128 kB","VmRSS:\t   30128 kB","Threads:\t1"]}}
{"baseline":{"cpu_ticks":0,"fds":13,"pid":2673457,"state_bytes":1056768,"status":["VmHWM:\t    6328 kB","VmRSS:\t    6328 kB","Threads:\t1"]},"blob_latency":{"p50_us":21932,"p95_us":37441,"p99_us":43904},"blob_operations":100000,"bytes":{"blob":1388890,"oci_archives":153600000},"cpu_ticks_after_restart":0,"cpu_ticks_cycles_after_restart":34791,"cpu_ticks_segments":[91979,2],"cpu_ticks_workload_before_first_restart":91979,"elapsed_us":3416955770,"final_resources":{"cpu_ticks":2,"fds":13,"pid":2686221,"state_bytes":3538944,"status":["VmHWM:\t    8652 kB","VmRSS:\t    8652 kB","Threads:\t1"]},"oci_latency":{"p50_us":47347,"p95_us":67681,"p99_us":77687},"oci_lifecycles":20000,"operation_latency":{"gc":{"p50_us":5513,"p95_us":17618,"p99_us":33660},"import_archive":{"p50_us":14376,"p95_us":19095,"p99_us":22680},"import_blob":{"p50_us":4026,"p95_us":5427,"p99_us":6772},"prepare":{"p50_us":6366,"p95_us":8496,"p99_us":10694}},"post_restart_resources":{"cpu_ticks":2,"fds":13,"pid":2686221,"state_bytes":3538944,"status":["VmHWM:\t    8600 kB","VmRSS:\t    8600 kB","Threads:\t1"]},"pre_first_restart_resources":{"cpu_ticks":91979,"fds":15,"pid":2673457,"state_bytes":3538944,"status":["VmHWM:\t   85828 kB","VmRSS:\t   85828 kB","Threads:\t1"]},"status":{"blobs":0,"bytes":0,"production_qualified":false,"schema":3},"throughput_bytes_per_sec":45358.76389175503}
{"final_inventory":{"blobs_entries":0,"prepared_entries":0,"store_entries":5,"tables":{"blobs":0,"edges":0,"gc":0,"gc_marks":0,"imports":0,"leases":0,"operations":4066,"pins":0,"prepared":0,"registry":0,"roots":0},"temp_entries":0}}
