{"campaign_dir": "/home/apollo-admin/artifactd-api-churn-20261005-_sekkvoi", "blob_cycles": 100000, "oci_cycles": 20000}
{"blob_iteration":0,"resources":{"cpu_ticks":0,"fds":13,"pid":337677,"state_bytes":94208,"status":["VmHWM:\t    5656 kB","VmRSS:\t    5656 kB","Threads:\t1"]}}
{"blob_iteration":10000,"resources":{"cpu_ticks":4915,"fds":13,"pid":337677,"state_bytes":3538944,"status":["VmHWM:\t   15116 kB","VmRSS:\t   15116 kB","Threads:\t1"]}}
{"blob_iteration":20000,"resources":{"cpu_ticks":9905,"fds":13,"pid":337677,"state_bytes":3538944,"status":["VmHWM:\t   24156 kB","VmRSS:\t   24156 kB","Threads:\t1"]}}
{"blob_iteration":30000,"resources":{"cpu_ticks":14929,"fds":13,"pid":337677,"state_bytes":3538944,"status":["VmHWM:\t   31692 kB","VmRSS:\t   31692 kB","Threads:\t1"]}}
{"blob_iteration":40000,"resources":{"cpu_ticks":20210,"fds":13,"pid":337677,"state_bytes":3538944,"status":["VmHWM:\t   41436 kB","VmRSS:\t   41436 kB","Threads:\t1"]}}
{"blob_iteration":50000,"resources":{"cpu_ticks":25276,"fds":13,"pid":337677,"state_bytes":3538944,"status":["VmHWM:\t   47548 kB","VmRSS:\t   47548 kB","Threads:\t1"]}}
{"blob_iteration":60000,"resources":{"cpu_ticks":30391,"fds":13,"pid":337677,"state_bytes":3538944,"status":["VmHWM:\t   57376 kB","VmRSS:\t   57376 kB","Threads:\t1"]}}
{"blob_iteration":70000,"resources":{"cpu_ticks":35472,"fds":13,"pid":337677,"state_bytes":3538944,"status":["VmHWM:\t   68220 kB","VmRSS:\t   68220 kB","Threads:\t1"]}}
{"blob_iteration":80000,"resources":{"cpu_ticks":40654,"fds":13,"pid":337677,"state_bytes":3538944,"status":["VmHWM:\t   73132 kB","VmRSS:\t   73132 kB","Threads:\t1"]}}
{"blob_iteration":90000,"resources":{"cpu_ticks":45768,"fds":13,"pid":337677,"state_bytes":3538944,"status":["VmHWM:\t   78588 kB","VmRSS:\t   78588 kB","Threads:\t1"]}}
{"oci_iteration":0,"resources":{"cpu_ticks":1,"fds":13,"pid":348737,"state_bytes":3538944,"status":["VmHWM:\t    8240 kB","VmRSS:\t    8240 kB","Threads:\t1"]}}
{"oci_iteration":2000,"resources":{"cpu_ticks":1869,"fds":13,"pid":348737,"state_bytes":3538944,"status":["VmHWM:\t    9872 kB","VmRSS:\t    9872 kB","Threads:\t1"]}}
{"oci_iteration":4000,"resources":{"cpu_ticks":3685,"fds":13,"pid":348737,"state_bytes":3538944,"status":["VmHWM:\t   12092 kB","VmRSS:\t   12092 kB","Threads:\t1"]}}
{"oci_iteration":6000,"resources":{"cpu_ticks":5487,"fds":13,"pid":348737,"state_bytes":3538944,"status":["VmHWM:\t   14472 kB","VmRSS:\t   14472 kB","Threads:\t1"]}}
{"oci_iteration":8000,"resources":{"cpu_ticks":7493,"fds":13,"pid":348737,"state_bytes":3538944,"status":["VmHWM:\t   16728 kB","VmRSS:\t   16728 kB","Threads:\t1"]}}
{"oci_iteration":10000,"resources":{"cpu_ticks":9389,"fds":13,"pid":348737,"state_bytes":3538944,"status":["VmHWM:\t   19496 kB","VmRSS:\t   19496 kB","Threads:\t1"]}}
{"oci_iteration":12000,"resources":{"cpu_ticks":11207,"fds":13,"pid":348737,"state_bytes":3538944,"status":["VmHWM:\t   20552 kB","VmRSS:\t   20552 kB","Threads:\t1"]}}
{"oci_iteration":14000,"resources":{"cpu_ticks":13022,"fds":13,"pid":348737,"state_bytes":3538944,"status":["VmHWM:\t   22636 kB","VmRSS:\t   22636 kB","Threads:\t1"]}}
{"oci_iteration":16000,"resources":{"cpu_ticks":14832,"fds":13,"pid":348737,"state_bytes":3538944,"status":["VmHWM:\t   26100 kB","VmRSS:\t   26100 kB","Threads:\t1"]}}
{"oci_iteration":18000,"resources":{"cpu_ticks":16655,"fds":13,"pid":348737,"state_bytes":3538944,"status":["VmHWM:\t   29412 kB","VmRSS:\t   29412 kB","Threads:\t1"]}}
{"baseline":{"cpu_ticks":0,"fds":13,"pid":337677,"state_bytes":1056768,"status":["VmHWM:\t    5336 kB","VmRSS:\t    5336 kB","Threads:\t1"]},"blob_latency":{"p50_us":18223,"p95_us":28868,"p99_us":387062},"blob_operations":100000,"bytes":{"blob":1388890,"oci_archives":153600000},"cpu_ticks_after_restart":0,"cpu_ticks_cycles_after_restart":18513,"cpu_ticks_segments":[50935,0],"cpu_ticks_workload_before_first_restart":50935,"elapsed_us":3987234930,"final_resources":{"cpu_ticks":0,"fds":13,"pid":355005,"state_bytes":3538944,"status":["VmHWM:\t    7608 kB","VmRSS:\t    7608 kB","Threads:\t1"]},"oci_latency":{"p50_us":36949,"p95_us":121167,"p99_us":785531},"oci_lifecycles":20000,"operation_latency":{"gc":{"p50_us":4082,"p95_us":14522,"p99_us":114638},"import_archive":{"p50_us":12230,"p95_us":28190,"p99_us":224517},"import_blob":{"p50_us":3357,"p95_us":8920,"p99_us":64941},"prepare":{"p50_us":4804,"p95_us":9726,"p99_us":111653}},"post_restart_resources":{"cpu_ticks":0,"fds":13,"pid":355005,"state_bytes":3538944,"status":["VmHWM:\t    7552 kB","VmRSS:\t    7552 kB","Threads:\t1"]},"pre_first_restart_resources":{"cpu_ticks":50935,"fds":13,"pid":337677,"state_bytes":3538944,"status":["VmHWM:\t   83532 kB","VmRSS:\t   83532 kB","Threads:\t1"]},"status":{"blobs":0,"bytes":0,"production_qualified":false,"schema":3},"throughput_bytes_per_sec":38871.27112422242}
{"final_inventory":{"blobs_entries":0,"prepared_entries":0,"store_entries":5,"tables":{"blobs":0,"edges":0,"gc":0,"gc_marks":0,"imports":0,"leases":0,"operations":4066,"pins":0,"prepared":0,"registry":0,"roots":0},"temp_entries":0}}
PUBLIC_API_CHURN=PASS
