   Compiling apollo-artifactd v0.1.0 (/home/tihan/artifactd-cas-repair-20261005.Fb6fUB)
    Finished `test` profile [unoptimized + debuginfo] target(s) in 6.10s
     Running tests/cas_repair.rs (target/debug/deps/cas_repair-19afc21fd401d176)

running 2 tests
test oversized_corrupt_final_counts_toward_repair_peak_quota ... ok
test missing_recorded_final_is_repaired_without_new_object ... ok

test result: ok. 2 passed; 0 failed; 0 ignored; 0 measured; 0 filtered out; finished in 0.01s

   Compiling apollo-artifactd v0.1.0 (/home/tihan/artifactd-cas-repair-20261005.Fb6fUB)
    Finished `test` profile [unoptimized + debuginfo] target(s) in 1.79s
     Running tests/cas.rs (target/debug/deps/cas-1d1fd1cf4eec0f46)

running 14 tests
test foreign_files_and_links_are_never_collected ... ok
test corrupt_recorded_blob_is_repaired_without_losing_pin_protection ... ok
test legacy_sqlite_state_is_rejected_without_cleanup ... ok
test invalid_inputs_never_publish ... ok
test incremental_gc_progresses_past_pinned_prefix_after_restart ... ok
test recovery_preserves_unrecorded_digest_collision ... ok
test quota_and_exclusive_store_owner ... ok
test cas_admission_durability_and_references ... ok
test wrong_repair_input_does_not_replace_corrupt_blob ... ok
test calculated_identity_streams_deduplicates_and_rejects_wrong_size ... ok
test repair_reconciles_after_publish_before_database_commit ... ok
test repair_reconciles_after_publish_effect_window ... ok
test unrecorded_digest_collision_is_preserved ... ok
test stored_identity_matches_bytes ... ok

test result: ok. 14 passed; 0 failed; 0 ignored; 0 measured; 0 filtered out; finished in 17.46s

