   Compiling proc-macro2 v1.0.107
   Compiling quote v1.0.47
   Compiling unicode-ident v1.0.26
   Compiling libc v0.2.190
   Compiling find-msvc-tools v0.1.14
   Compiling shlex v2.0.1
   Compiling pkg-config v0.3.34
   Compiling cfg-if v1.0.5
   Compiling stable_deref_trait v1.2.1
   Compiling itoa v1.0.18
   Compiling once_cell v1.21.4
   Compiling bitflags v2.13.2
   Compiling pin-project-lite v0.2.17
   Compiling bytes v1.12.1
   Compiling fs_extra v1.3.0
   Compiling dunce v1.0.5
   Compiling serde_core v1.0.229
   Compiling rustix v1.1.5
   Compiling futures-core v0.3.34
   Compiling memchr v2.8.3
   Compiling linux-raw-sys v0.12.1
   Compiling syn v3.0.6
   Compiling syn v2.0.119
   Compiling strsim v0.11.1
   Compiling typenum v1.20.1
   Compiling fnv v1.0.7
   Compiling jobserver v0.1.35
   Compiling cc v1.6.0
   Compiling socket2 v0.6.5
   Compiling mio v1.2.4
   Compiling cmake v0.1.58
   Compiling serde v1.0.229
   Compiling aws-lc-rs v1.18.1
   Compiling smallvec v1.16.2
   Compiling aws-lc-sys v0.45.0
   Compiling writeable v0.6.4
   Compiling litemap v0.8.3
   Compiling synstructure v0.14.0
   Compiling zeroize v1.9.0
   Compiling ident_case v1.0.1
   Compiling icu_properties_data v2.3.0
   Compiling utf8_iter v1.0.4
   Compiling zmij v1.0.23
   Compiling icu_normalizer_data v2.3.0
   Compiling darling_core v0.20.11
   Compiling rustls-pki-types v1.15.1
   Compiling http v1.5.0
   Compiling percent-encoding v2.3.2
   Compiling zerofrom-derive v0.1.8
   Compiling yoke-derive v0.8.4
   Compiling zerovec-derive v0.11.6
   Compiling displaydoc v0.2.7
   Compiling zerofrom v0.1.8
   Compiling yoke v0.8.3
   Compiling tokio-macros v2.7.2
   Compiling zerotrie v0.2.5
   Compiling serde_derive v1.0.229
   Compiling zerovec v0.11.8
   Compiling serde_json v1.0.151
   Compiling darling_macro v0.20.11
   Compiling tokio v1.53.2
   Compiling http-body v1.1.0
   Compiling tinystr v0.8.4
   Compiling potential_utf v0.1.6
   Compiling futures-macro v0.3.34
   Compiling icu_locale_core v2.3.0
   Compiling icu_collections v2.3.0
   Compiling icu_provider v2.3.1
   Compiling version_check v0.9.5
   Compiling untrusted v0.9.0
   Compiling futures-task v0.3.34
   Compiling rustls v0.23.45
   Compiling httparse v1.10.1
   Compiling slab v0.4.12
   Compiling generic-array v0.14.7
   Compiling icu_properties v2.3.0
   Compiling futures-util v0.3.34
   Compiling icu_normalizer v2.3.0
   Compiling darling v0.20.11
   Compiling autocfg v1.5.1
   Compiling log v0.4.34
   Compiling heck v0.5.0
   Compiling thiserror v2.0.21
   Compiling subtle v2.6.1
   Compiling tower-service v0.3.3
   Compiling ipnet v2.12.2
   Compiling try-lock v0.2.5
   Compiling getrandom v0.4.3
   Compiling regex-syntax v0.8.11
   Compiling want v0.3.1
   Compiling num-traits v0.2.19
   Compiling derive_builder_core v0.20.2
   Compiling idna_adapter v1.2.2
   Compiling thiserror-impl v2.0.21
   Compiling form_urlencoded v1.2.2
   Compiling tracing-attributes v0.1.31
   Compiling zstd-sys v2.1.0+zstd.1.5.7
   Compiling hybrid-array v0.4.15
   Compiling aho-corasick v1.1.5
   Compiling futures-channel v0.3.34
   Compiling tracing-core v0.1.36
   Compiling io-lifetimes v2.0.4
   Compiling konst_macro_rules v0.2.19
   Compiling io-lifetimes v3.0.1
   Compiling atomic-waker v1.1.2
   Compiling unicode-xid v0.2.6
   Compiling hyper v1.11.1
   Compiling const_format_proc_macros v0.2.34
   Compiling regex-automata v0.4.18
   Compiling konst v0.2.20
   Compiling tracing v0.1.44
   Compiling derive_builder_macro v0.20.2
   Compiling idna v1.1.0
   Compiling sync_wrapper v1.0.2
   Compiling getrandom v0.3.4
   Compiling base64 v0.23.1
   Compiling tower-layer v0.3.3
   Compiling io-extras v0.19.0
   Compiling utf8parse v0.2.2
   Compiling openssl-probe v0.2.1
   Compiling anstyle-parse v1.0.0
   Compiling tower v0.5.3
   Compiling rustls-native-certs v0.8.4
   Compiling hyper-util v0.1.21
   Compiling regex v1.13.1
   Compiling url v2.5.8
   Compiling derive_builder v0.20.2
   Compiling const_format v0.2.36
   Compiling crypto-common v0.2.2
   Compiling block-buffer v0.12.1
   Compiling strum_macros v0.27.2
   Compiling getset v0.1.7
   Compiling futures-sink v0.3.34
   Compiling const-oid v0.10.2
   Compiling crc32fast v1.5.2
   Compiling colorchoice v1.0.5
   Compiling zstd-safe v7.3.0
   Compiling strum v0.27.2
   Compiling cap-primitives v4.0.3
   Compiling ryu v1.0.23
   Compiling anstyle-query v1.1.5
   Compiling tinyvec v1.13.3
   Compiling anstyle v1.0.14
   Compiling is_terminal_polyfill v1.70.2
   Compiling anstream v1.0.0
   Compiling unicode-normalization v0.1.25
   Compiling serde_urlencoded v0.7.1
   Compiling digest v0.11.3
   Compiling tokio-util v0.7.19
   Compiling tower-http v0.6.11
   Compiling fs-set-times v0.20.3
   Compiling block-buffer v0.10.4
   Compiling crypto-common v0.1.7
   Compiling http-body-util v0.1.5
   Compiling rustix-linux-procfs v0.1.1
   Compiling iana-time-zone v0.1.65
   Compiling maybe-owned v0.3.4
   Compiling cap-std v4.0.3
   Compiling simd-adler32 v0.3.10
   Compiling redb v4.3.0
   Compiling adler2 v2.0.1
   Compiling ambient-authority v0.0.2
   Compiling zerocopy v0.8.59
   Compiling clap_lex v1.1.1
   Compiling anyhow v1.0.104
   Compiling cpufeatures v0.3.1
   Compiling sha2 v0.11.0
   Compiling clap_builder v4.6.7
   Compiling miniz_oxide v0.9.1
   Compiling chrono v0.4.45
   Compiling digest v0.10.7
   Compiling oci-spec v0.10.0
   Compiling rand_core v0.9.5
   Compiling olpc-cjson v0.1.4
   Compiling clap_derive v4.6.7
   Compiling xattr v1.6.1
   Compiling filetime v0.2.29
   Compiling http-auth v0.1.10
   Compiling unicase v2.9.0
   Compiling hex v0.4.3
   Compiling base64 v0.22.1
   Compiling cpufeatures v0.2.17
   Compiling sha2 v0.10.9
   Compiling clap v4.6.7
   Compiling tar v0.4.46 (/home/tihan/artifactd-cas-repair-20261005.Fb6fUB/vendor/tar)
   Compiling flate2 v1.1.10
   Compiling oci-spec v0.9.0
   Compiling uuid v1.27.0
   Compiling zstd v0.13.3
   Compiling artifactd-protocol v0.1.0 (/home/tihan/artifactd-cas-repair-20261005.Fb6fUB/crates/artifactd-protocol)
   Compiling fastrand v2.5.0
   Compiling tempfile v3.27.0
   Compiling wait-timeout v0.2.1
   Compiling quick-error v1.2.3
   Compiling bit-vec v0.8.0
   Compiling rusty-fork v0.3.1
   Compiling bit-set v0.8.0
   Compiling ppv-lite86 v0.2.21
   Compiling rand_xorshift v0.4.0
   Compiling rand v0.9.5
   Compiling unarray v0.1.4
   Compiling rand_chacha v0.9.0
   Compiling proptest v1.11.0
   Compiling rustls-webpki v0.103.15
   Compiling tokio-rustls v0.26.6
   Compiling rustls-platform-verifier v0.7.1
   Compiling hyper-rustls v0.27.10
   Compiling reqwest v0.13.5
   Compiling oci-client v0.18.0 (/home/tihan/artifactd-cas-repair-20261005.Fb6fUB/vendor/oci-client)
   Compiling apollo-artifactd v0.1.0 (/home/tihan/artifactd-cas-repair-20261005.Fb6fUB)
    Finished `test` profile [unoptimized + debuginfo] target(s) in 1m 09s
     Running tests/cas.rs (target/debug/deps/cas-1d1fd1cf4eec0f46)

running 14 tests
test foreign_files_and_links_are_never_collected ... ok
test invalid_inputs_never_publish ... ok
test legacy_sqlite_state_is_rejected_without_cleanup ... ok
test corrupt_recorded_blob_is_repaired_without_losing_pin_protection ... ok
test incremental_gc_progresses_past_pinned_prefix_after_restart ... ok
test cas_admission_durability_and_references ... ok
test recovery_preserves_unrecorded_digest_collision ... ok
test unrecorded_digest_collision_is_preserved ... ok
test quota_and_exclusive_store_owner ... ok
test repair_reconciles_after_publish_before_database_commit ... ok
test wrong_repair_input_does_not_replace_corrupt_blob ... ok
test repair_reconciles_after_publish_effect_window ... ok
test calculated_identity_streams_deduplicates_and_rejects_wrong_size ... ok
test stored_identity_matches_bytes ... ok

test result: ok. 14 passed; 0 failed; 0 ignored; 0 measured; 0 filtered out; finished in 16.37s

