{"command": ["/usr/bin/cargo", "build", "--locked", "-p", "artifactd-publisher-qualification"]}
   Compiling proc-macro2 v1.0.107
   Compiling quote v1.0.47
   Compiling unicode-ident v1.0.26
   Compiling version_check v0.9.5
   Compiling typenum v1.20.1
   Compiling serde_core v1.0.229
   Compiling zmij v1.0.23
   Compiling libc v0.2.190
   Compiling rustix v1.1.5
   Compiling generic-array v0.14.7
   Compiling thiserror v2.0.18
   Compiling serde v1.0.229
   Compiling serde_json v1.0.151
   Compiling cfg-if v1.0.5
   Compiling getrandom v0.3.4
   Compiling syn v3.0.6
   Compiling syn v2.0.119
   Compiling linux-raw-sys v0.12.1
   Compiling block-buffer v0.10.4
   Compiling crypto-common v0.1.7
   Compiling bitflags v2.13.2
   Compiling itoa v1.0.18
   Compiling memchr v2.8.3
   Compiling digest v0.10.7
   Compiling cpufeatures v0.2.17
   Compiling uuid v1.20.0
   Compiling sha2 v0.10.9
   Compiling serde_derive v1.0.229
   Compiling thiserror-impl v2.0.18
   Compiling artifactd-protocol v0.1.0 (/home/tihan/artifactd-config-lease-20261005-_qsh2_zi/Open-Source/apollo-artifactd/crates/artifactd-protocol)
   Compiling apollo-buildkit-publisher v0.1.0 (/home/tihan/artifactd-config-lease-20261005-_qsh2_zi/APIs/apollo-deployment-api/crates/apollo-buildkit-publisher)
   Compiling artifactd-publisher-qualification v0.1.0 (/home/tihan/artifactd-config-lease-20261005-_qsh2_zi/APIs/apollo-deployment-api/qualification)
    Finished `dev` profile [unoptimized + debuginfo] target(s) in 12.71s
{"command": ["/usr/bin/cargo", "clippy", "--locked", "-p", "apollo-buildkit-publisher", "--lib", "--", "-D", "warnings"]}
    Checking typenum v1.20.1
    Checking serde_core v1.0.229
    Checking cfg-if v1.0.5
    Checking zmij v1.0.23
    Checking libc v0.2.190
    Checking memchr v2.8.3
    Checking linux-raw-sys v0.12.1
    Checking bitflags v2.13.2
    Checking itoa v1.0.18
    Checking thiserror v2.0.18
    Checking cpufeatures v0.2.17
    Checking generic-array v0.14.7
    Checking getrandom v0.3.4
    Checking uuid v1.20.0
    Checking crypto-common v0.1.7
    Checking block-buffer v0.10.4
    Checking digest v0.10.7
    Checking sha2 v0.10.9
    Checking rustix v1.1.5
    Checking serde_json v1.0.151
    Checking serde v1.0.229
    Checking artifactd-protocol v0.1.0 (/home/tihan/artifactd-config-lease-20261005-_qsh2_zi/Open-Source/apollo-artifactd/crates/artifactd-protocol)
    Checking apollo-buildkit-publisher v0.1.0 (/home/tihan/artifactd-config-lease-20261005-_qsh2_zi/APIs/apollo-deployment-api/crates/apollo-buildkit-publisher)
    Finished `dev` profile [unoptimized + debuginfo] target(s) in 7.57s
{"command": ["python3", "/home/tihan/artifactd-config-lease-20261005-_qsh2_zi/smoke.py", "/home/tihan/artifactd-qualification-20261004/target/release/apollo-artifactd", "/home/tihan/artifactd-config-lease-20261005-_qsh2_zi/APIs/apollo-deployment-api/target/debug/artifactd-publisher-qualification"]}
PASS verified config FD; cancellation cleanup; caller SIGKILL; daemon restart; lease protects graph; repeated recovery releases GC retention
qualification fixture: /home/tihan/artifactd-config-lease-a5i6k9td
