    Checking libc v0.2.190
    Checking itoa v1.0.18
   Compiling jobserver v0.1.35
    Checking cfg-if v1.0.5
    Checking bitflags v2.13.2
    Checking zerofrom v0.1.8
   Compiling cc v1.6.0
    Checking stable_deref_trait v1.2.1
    Checking yoke v0.8.3
    Checking once_cell v1.21.4
    Checking memchr v2.8.3
    Checking linux-raw-sys v0.12.1
   Compiling cmake v0.1.58
    Checking rustix v1.1.5
    Checking zerovec v0.11.8
    Checking serde_core v1.0.229
    Checking bytes v1.12.1
    Checking pin-project-lite v0.2.17
   Compiling aws-lc-sys v0.45.0
    Checking futures-core v0.3.34
    Checking serde v1.0.229
    Checking typenum v1.20.1
   Compiling strsim v0.11.1
   Compiling fnv v1.0.7
   Compiling darling_core v0.20.11
    Checking zmij v1.0.23
    Checking tinystr v0.8.4
    Checking socket2 v0.6.5
    Checking mio v1.2.4
    Checking zeroize v1.9.0
    Checking smallvec v1.16.2
    Checking writeable v0.6.4
    Checking litemap v0.8.3
    Checking icu_locale_core v2.3.0
    Checking tokio v1.53.2
    Checking serde_json v1.0.151
   Compiling darling_macro v0.20.11
    Checking zerotrie v0.2.5
    Checking potential_utf v0.1.6
    Checking utf8_iter v1.0.4
    Checking icu_collections v2.3.0
    Checking icu_provider v2.3.1
   Compiling darling v0.20.11
    Checking rustls-pki-types v1.15.1
    Checking http v1.5.0
    Checking regex-syntax v0.8.11
    Checking percent-encoding v2.3.2
    Checking thiserror v2.0.21
    Checking http-body v1.1.0
   Compiling derive_builder_core v0.20.2
    Checking icu_normalizer_data v2.3.0
    Checking icu_properties_data v2.3.0
    Checking aho-corasick v1.1.5
    Checking konst_macro_rules v0.2.19
    Checking futures-task v0.3.34
    Checking untrusted v0.9.0
    Checking slab v0.4.12
    Checking futures-util v0.3.34
    Checking konst v0.2.20
    Checking regex-automata v0.4.18
    Checking icu_properties v2.3.0
    Checking icu_normalizer v2.3.0
   Compiling derive_builder_macro v0.20.2
    Checking subtle v2.6.1
    Checking try-lock v0.2.5
    Checking tower-service v0.3.3
    Checking ipnet v2.12.2
    Checking log v0.4.34
    Checking want v0.3.1
    Checking derive_builder v0.20.2
    Checking idna_adapter v1.2.2
    Checking regex v1.13.1
    Checking const_format v0.2.36
    Checking httparse v1.10.1
    Checking form_urlencoded v1.2.2
    Checking hybrid-array v0.4.15
    Checking futures-channel v0.3.34
   Compiling zstd-sys v2.1.0+zstd.1.5.7
    Checking tracing-core v0.1.36
    Checking atomic-waker v1.1.2
    Checking strum v0.27.2
    Checking hyper v1.11.1
    Checking tracing v0.1.44
    Checking generic-array v0.14.7
    Checking idna v1.1.0
    Checking getrandom v0.4.3
    Checking sync_wrapper v1.0.2
    Checking base64 v0.23.1
    Checking utf8parse v0.2.2
    Checking tower-layer v0.3.3
    Checking openssl-probe v0.2.1
    Checking rustls-native-certs v0.8.4
    Checking tower v0.5.3
    Checking anstyle-parse v1.0.0
    Checking hyper-util v0.1.21
    Checking num-traits v0.2.19
    Checking url v2.5.8
    Checking io-lifetimes v3.0.1
    Checking io-lifetimes v2.0.4
    Checking crypto-common v0.2.2
    Checking block-buffer v0.12.1
    Checking futures-sink v0.3.34
    Checking const-oid v0.10.2
    Checking ryu v1.0.23
    Checking tinyvec v1.13.3
    Checking colorchoice v1.0.5
    Checking is_terminal_polyfill v1.70.2
    Checking anstyle v1.0.14
    Checking anstyle-query v1.1.5
    Checking anstream v1.0.0
   Compiling zstd-safe v7.3.0
    Checking unicode-normalization v0.1.25
    Checking serde_urlencoded v0.7.1
    Checking digest v0.11.3
    Checking tokio-util v0.7.19
    Checking fs-set-times v0.20.3
    Checking io-extras v0.19.0
    Checking tower-http v0.6.11
    Checking getrandom v0.3.4
    Checking block-buffer v0.10.4
    Checking crypto-common v0.1.7
    Checking oci-spec v0.9.0
    Checking http-body-util v0.1.5
    Checking artifactd-protocol v0.1.0 (/tmp/apollo-artifactd-current-20261005.IsaymM/crates/artifactd-protocol)
    Checking rustix-linux-procfs v0.1.1
    Checking cpufeatures v0.3.1
    Checking clap_lex v1.1.1
    Checking iana-time-zone v0.1.65
    Checking ambient-authority v0.0.2
    Checking maybe-owned v0.3.4
    Checking simd-adler32 v0.3.10
    Checking adler2 v2.0.1
    Checking miniz_oxide v0.9.1
    Checking clap_builder v4.6.7
    Checking cap-primitives v4.0.3
    Checking chrono v0.4.45
    Checking sha2 v0.11.0
    Checking digest v0.10.7
    Checking rand_core v0.9.5
    Checking olpc-cjson v0.1.4
    Checking crc32fast v1.5.2
    Checking oci-spec v0.10.0
    Checking xattr v1.6.1
    Checking http-auth v0.1.10
    Checking filetime v0.2.29
    Checking cpufeatures v0.2.17
    Checking hex v0.4.3
    Checking unicase v2.9.0
    Checking base64 v0.22.1
    Checking sha2 v0.10.9
    Checking tar v0.4.46 (/tmp/apollo-artifactd-current-20261005.IsaymM/vendor/tar)
    Checking clap v4.6.7
    Checking flate2 v1.1.10
    Checking zstd v0.13.3
    Checking cap-std v4.0.3
    Checking anyhow v1.0.104
    Checking redb v4.3.0
    Checking zerocopy v0.8.59
    Checking uuid v1.27.0
    Checking fastrand v2.5.0
    Checking tempfile v3.27.0
    Checking ppv-lite86 v0.2.21
    Checking wait-timeout v0.2.1
    Checking quick-error v1.2.3
    Checking bit-vec v0.8.0
    Checking bit-set v0.8.0
    Checking rusty-fork v0.3.1
    Checking rand_chacha v0.9.0
    Checking rand_xorshift v0.4.0
    Checking rand v0.9.5
    Checking unarray v0.1.4
    Checking proptest v1.11.0
    Checking artifactd-client-ffi v0.1.0 (/tmp/apollo-artifactd-current-20261005.IsaymM/crates/artifactd-client-ffi)
   Compiling aws-lc-rs v1.18.1
   Compiling rustls v0.23.45
    Checking rustls-webpki v0.103.15
    Checking tokio-rustls v0.26.6
    Checking rustls-platform-verifier v0.7.1
    Checking hyper-rustls v0.27.10
    Checking reqwest v0.13.5
    Checking oci-client v0.18.0 (/tmp/apollo-artifactd-current-20261005.IsaymM/vendor/oci-client)
    Checking apollo-artifactd v0.1.0 (/tmp/apollo-artifactd-current-20261005.IsaymM)
    Finished `dev` profile [unoptimized + debuginfo] target(s) in 39.77s
